support.h:22:20:nRF24_CSN_L	8	static
support.h:26:20:nRF24_CSN_H	8	static
support.h:31:23:nRF24_LL_RW	32	static
nrf24.c:9:16:nRF24_ReadReg	24	static
nrf24.c:24:13:nRF24_WriteReg	16	static
nrf24.c:47:13:nRF24_ReadMBReg	24	static
nrf24.c:61:13:nRF24_WriteMBReg	16	static
nrf24.c:72:6:nRF24_Init	8	static
nrf24.c:106:10:nRF24_Check	24	static
nrf24.c:126:6:nRF24_SetPowerMode	24	static
nrf24.c:144:6:nRF24_SetOperationalMode	24	static
nrf24.c:157:6:nRF24_SetDynamicPayloadLength	24	static
nrf24.c:172:6:nRF24_SetPayloadWithAck	24	static
nrf24.c:186:6:nRF24_SetCRCScheme	24	static
nrf24.c:201:6:nRF24_SetRFChannel	16	static
nrf24.c:210:6:nRF24_SetAutoRetr	16	static
nrf24.c:218:6:nRF24_SetAddrWidth	16	static
nrf24.c:229:6:nRF24_SetAddr	24	static
nrf24.c:263:6:nRF24_SetTXPower	24	static
nrf24.c:275:6:nRF24_SetDataRate	24	static
nrf24.c:289:6:nRF24_SetRXPipe	24	static
nrf24.c:312:6:nRF24_ClosePipe	24	static
nrf24.c:324:6:nRF24_EnableAA	24	static
nrf24.c:336:6:nRF24_DisableAA	24	static
nrf24.c:352:9:nRF24_GetStatus	8	static
nrf24.c:358:9:nRF24_GetIRQFlags	8	static
nrf24.c:364:9:nRF24_GetStatus_RXFIFO	8	static
nrf24.c:371:9:nRF24_GetStatus_TXFIFO	8	static
nrf24.c:377:9:nRF24_GetRXSource	8	static
nrf24.c:385:9:nRF24_GetRetransmitCounters	8	static
nrf24.c:390:6:nRF24_ResetPLOS	16	static
nrf24.c:399:6:nRF24_FlushTX	8	static
nrf24.c:404:6:nRF24_FlushRX	8	static
nrf24.c:409:6:nRF24_ClearIRQFlags	16	static
nrf24.c:422:6:nRF24_WritePayload	16	static
nrf24.c:428:16:nRF24_GetRxDplPayloadWidth	16	static
nrf24.c:440:23:nRF24_ReadPayloadGeneric	32	static
nrf24.c:480:16:nRF24_ReadPayload	16	static
nrf24.c:484:16:nRF24_ReadPayloadDpl	16	static
nrf24.c:488:9:nRF24_GetFeatures	8	static
nrf24.c:491:6:nRF24_ActivateFeatures	8	static
nrf24.c:497:6:nRF24_WriteAckPayload	16	static
